<test-run asserts="0" clr-version="3.7.2 (tags/v3.7.2:9a3ffc0492, Dec 23 2018, 23:09:28) [MSC v.1916 64 bit (AMD64)]" duration="0" end-time="2020-01-27 14:46:32.978561" engine-version="3.6.2" failed="4" id="2" inconclusive="0" passed="2" result="Passed" skipped="0" start-time="2020-01-27 14:46:32.848090" testcasecount="6" total="6"><command-line>C:\Users\dariu\.virtualenvs\pytest-trx-Ozo6dbP0\Scripts\pytest .\test_example.py --nunit-xml=test-results.xml</command-line><filter><test re="0">.\test_example.py</test></filter><test-suite asserts="0" classname="" duration="0.092742" end-time="2020-01-27 14:46:32.974882" failed="4" fullname="test_example.py" id="test_example.py" inconclusive="0" label="" methodname="" name="test_example.py" passed="2" result="Passed" runstate="Runnable" skipped="0" start-time="2020-01-27 14:46:32.882140" testcasecount="6" total="6" type="Assembly" warnings="0"><properties><property name="python_version" value="3.7.2 (tags/v3.7.2:9a3ffc0492, Dec 23 2018, 23:09:28) [MSC v.1916 64 bit (AMD64)]" /></properties><test-case asserts="0" classname="test_example.py" duration="0.003988" end-time="2020-01-27 14:46:32.886128" fullname="test_example.py::test_no_attachment" id="100" label="" methodname="test_no_attachment" name="test_example.py::test_no_attachment" result="Passed" runstate="Runnable" seed="1" start-time="2020-01-27 14:46:32.882140"><properties><property name="python-version" value="3.7.2 (tags/v3.7.2:9a3ffc0492, Dec 23 2018, 23:09:28) [MSC v.1916 64 bit (AMD64)]" /><property name="fspath" value="test_example.py" /></properties><environment clr-version="3.7.2 (tags/v3.7.2:9a3ffc0492, Dec 23 2018, 23:09:28) [MSC v.1916 64 bit (AMD64)]" culture="pl_PL" cwd="C:\Users\dariu\PycharmProjects\pytest-trx" framework-version="3.6.2" machine-name="AMD64" os-architecture="64bit" os-version="10" platform="Windows" uiculture="pl_PL" user="" user-domain="" /><failure><message><![CDATA[]]></message><stack-trace><![CDATA[None]]></stack-trace></failure><reason><message><![CDATA[]]></message></reason><output><![CDATA[]]></output></test-case><test-case asserts="0" classname="test_example.py" duration="0.043729" end-time="2020-01-27 14:46:32.932427" fullname="test_example.py::test_fail" id="101" label="" methodname="test_fail" name="test_example.py::test_fail" result="Failed" runstate="Runnable" seed="1" start-time="2020-01-27 14:46:32.888698"><properties><property name="python-version" value="3.7.2 (tags/v3.7.2:9a3ffc0492, Dec 23 2018, 23:09:28) [MSC v.1916 64 bit (AMD64)]" /><property name="fspath" value="test_example.py" /></properties><environment clr-version="3.7.2 (tags/v3.7.2:9a3ffc0492, Dec 23 2018, 23:09:28) [MSC v.1916 64 bit (AMD64)]" culture="pl_PL" cwd="C:\Users\dariu\PycharmProjects\pytest-trx" framework-version="3.6.2" machine-name="AMD64" os-architecture="64bit" os-version="10" platform="Windows" uiculture="pl_PL" user="" user-domain="" /><failure><message><![CDATA[def test_fail():
&gt;       assert False
E       assert False

test_example.py:22: AssertionError]]></message><stack-trace><![CDATA[C:\Users\dariu\PycharmProjects\pytest-trx\test_example.py:22: assert False]]></stack-trace></failure><reason><message><![CDATA[]]></message></reason><output><![CDATA[]]></output></test-case><test-case asserts="0" classname="test_example.py" duration="0" end-time="2020-01-27 14:46:32.942400" fullname="test_example.py::test_failing_setup" id="102" label="" methodname="test_failing_setup" name="test_example.py::test_failing_setup" result="Failed" runstate="Runnable" seed="1" start-time="2020-01-27 14:46:32.941403"><properties><property name="python-version" value="3.7.2 (tags/v3.7.2:9a3ffc0492, Dec 23 2018, 23:09:28) [MSC v.1916 64 bit (AMD64)]" /><property name="fspath" value="test_example.py" /></properties><environment clr-version="3.7.2 (tags/v3.7.2:9a3ffc0492, Dec 23 2018, 23:09:28) [MSC v.1916 64 bit (AMD64)]" culture="pl_PL" cwd="C:\Users\dariu\PycharmProjects\pytest-trx" framework-version="3.6.2" machine-name="AMD64" os-architecture="64bit" os-version="10" platform="Windows" uiculture="pl_PL" user="" user-domain="" /><failure><message><![CDATA[]]></message><stack-trace><![CDATA[]]></stack-trace></failure><reason><message><![CDATA[]]></message></reason><output><![CDATA[]]></output></test-case><test-case asserts="0" classname="test_example.py" duration="0.008095" end-time="2020-01-27 14:46:32.951493" fullname="test_example.py::test_failing_teardown" id="103" label="" methodname="test_failing_teardown" name="test_example.py::test_failing_teardown" result="Failed" runstate="Runnable" seed="1" start-time="2020-01-27 14:46:32.943398"><properties><property name="python-version" value="3.7.2 (tags/v3.7.2:9a3ffc0492, Dec 23 2018, 23:09:28) [MSC v.1916 64 bit (AMD64)]" /><property name="fspath" value="test_example.py" /></properties><environment clr-version="3.7.2 (tags/v3.7.2:9a3ffc0492, Dec 23 2018, 23:09:28) [MSC v.1916 64 bit (AMD64)]" culture="pl_PL" cwd="C:\Users\dariu\PycharmProjects\pytest-trx" framework-version="3.6.2" machine-name="AMD64" os-architecture="64bit" os-version="10" platform="Windows" uiculture="pl_PL" user="" user-domain="" /><failure><message><![CDATA[]]></message><stack-trace><![CDATA[None]]></stack-trace></failure><reason><message><![CDATA[]]></message></reason><output><![CDATA[]]></output></test-case><test-case asserts="0" classname="test_example.py" duration="0.002849" end-time="2020-01-27 14:46:32.956510" fullname="test_example.py::test_attachment" id="104" label="" methodname="test_attachment" name="test_example.py::test_attachment" result="Passed" runstate="Runnable" seed="1" start-time="2020-01-27 14:46:32.953661"><properties><property name="python-version" value="3.7.2 (tags/v3.7.2:9a3ffc0492, Dec 23 2018, 23:09:28) [MSC v.1916 64 bit (AMD64)]" /><property name="fspath" value="test_example.py" /></properties><environment clr-version="3.7.2 (tags/v3.7.2:9a3ffc0492, Dec 23 2018, 23:09:28) [MSC v.1916 64 bit (AMD64)]" culture="pl_PL" cwd="C:\Users\dariu\PycharmProjects\pytest-trx" framework-version="3.6.2" machine-name="AMD64" os-architecture="64bit" os-version="10" platform="Windows" uiculture="pl_PL" user="" user-domain="" /><failure><message><![CDATA[]]></message><stack-trace><![CDATA[None]]></stack-trace></failure><reason><message><![CDATA[]]></message></reason><output><![CDATA[]]></output><attachments><attachment><filePath>C:\Users\dariu\PycharmProjects\pytest-trx\lena.png</filePath><description>example</description></attachment></attachments></test-case><test-case asserts="0" classname="test_example.py" duration="0.017522" end-time="2020-01-27 14:46:32.974882" fullname="test_example.py::test_failing_with_traceback" id="105" label="" methodname="test_failing_with_traceback" name="test_example.py::test_failing_with_traceback" result="Failed" runstate="Runnable" seed="1" start-time="2020-01-27 14:46:32.957360"><properties><property name="python-version" value="3.7.2 (tags/v3.7.2:9a3ffc0492, Dec 23 2018, 23:09:28) [MSC v.1916 64 bit (AMD64)]" /><property name="fspath" value="test_example.py" /></properties><environment clr-version="3.7.2 (tags/v3.7.2:9a3ffc0492, Dec 23 2018, 23:09:28) [MSC v.1916 64 bit (AMD64)]" culture="pl_PL" cwd="C:\Users\dariu\PycharmProjects\pytest-trx" framework-version="3.6.2" machine-name="AMD64" os-architecture="64bit" os-version="10" platform="Windows" uiculture="pl_PL" user="" user-domain="" /><failure><message><![CDATA[def test_failing_with_traceback():
        def loop():
            return loop()
    
        print("loopeedeedoo")
&gt;       loop()

test_example.py:44: 
_ _ _ _ _ _ _ _ _ _ _ _ _ _ _ _ _ _ _ _ _ _ _ _ _ _ _ _ _ _ _ _ _ _ _ _ _ _ _ _ _ _ _ _ _ _ _ _ _ _ _ _ _ _ _ _ _ _ _ _ _ _ _ _ _ _ _ _ _ _ _ _ _ _ _ _ _ _ _ _ _ _ _ _ _ _ _ _ _ _ _ _ _ _ _ _ _ _ _ _ _ _ _ _ _ _ _
test_example.py:41: in loop
    return loop()
test_example.py:41: in loop
    return loop()
E   RecursionError: maximum recursion depth exceeded
!!! Recursion detected (same locals &amp; position)]]></message><stack-trace><![CDATA[C:\Users\dariu\PycharmProjects\pytest-trx\test_example.py:41: RecursionError: maximum recursion depth exceeded]]></stack-trace></failure><reason><message><![CDATA[]]></message></reason><output><![CDATA[]]></output></test-case><environment clr-version="3.7.2 (tags/v3.7.2:9a3ffc0492, Dec 23 2018, 23:09:28) [MSC v.1916 64 bit (AMD64)]" culture="pl_PL" cwd="C:\Users\dariu\PycharmProjects\pytest-trx" framework-version="3.6.2" machine-name="AMD64" os-architecture="64bit" os-version="10" platform="Windows" uiculture="pl_PL" user="" user-domain="" /></test-suite></test-run>